
Start interactive shell

Alienguy@AW17R3 MINGW64 /c/Program Files/Docker Toolbox
$ cd ~
Alienguy@AW17R3 MINGW64 ~
$ cd testafiq
Alienguy@AW17R3 MINGW64 ~/testafiq (master)
$ docker container ls                                                                                   CONTAINER ID        IMAGE               COMMAND             CREATED             STATUS              PORTS               NAMES

Alienguy@AW17R3 MINGW64 ~/testafiq (master)
$ ls
api/  docker-compose.yml  README.md  www/

Alienguy@AW17R3 MINGW64 ~/testafiq (master)
$ cat api
cat: api: Is a directory

Alienguy@AW17R3 MINGW64 ~/testafiq (master)
$ cd api
Alienguy@AW17R3 MINGW64 ~/testafiq/api (master)
$ ls
Dockerfile  main.py*  requirements.txt  wikicrawler.py*

Alienguy@AW17R3 MINGW64 ~/testafiq/api (master)
$ cat Dockerfile                                                                                        FROM python:3

LABEL maintainer="Sawood Alam <@ibnesayeed>"

ENV REDIS_URL="redis://localhost:6379"


WORKDIR /app

COPY requirements.txt /app/

RUN pip install -r requirements.txt

COPY *.py /app/

RUN chmod a+x *.py

CMD ["./main.py"]

Alienguy@AW17R3 MINGW64 ~/testafiq/api (master)
$ cat main.py
#!/usr/bin/env python

from flask import Flask
from flask import request
from flask import jsonify


app = Flask(__name__)

@app.route("/")
def index():
        return "Usage: http://<hostname>[:<prt>]/api/<url>"


@app.route("/api/<path:url>")
def api(url):
        qs = request.query_string.decode("utf-8")
        if qs != "":
                url += "?" + qs
        links = extract_links(url)
        return jsonify(links)

app.run(host="0.0.0.0")

Alienguy@AW17R3 MINGW64 ~/testafiq/api (master)
$ cat requirements.txt
beautifulsoup4

flask

redis
wikipedia
requests



Alienguy@AW17R3 MINGW64 ~/testafiq/api (master)
$ cat wikicrawler.py
#!/usr/bin/env python

import wikipedia
import sys
import request

from bs4 import BeautifulSoup

from urllib.parse import urljoin

def extract_links(url):

page=wikipedia.page(url)

links = []


for link in links:
        print link["page"]


for link in page.links:
        links.append({"text" link["page"],

        "href": link["page"]
        })
        return links


if__name__== "__main__":

        if len(sys.argv) != 2:
                print("\nUsage:\n\t{} <URL>\n".format(sys.argv[0]))
                sys.exit(1)

for link in extract_links(sys.argv[-1]):
        print("[{}]({})".format(link["text"], link["href"]))



Alienguy@AW17R3 MINGW64 ~/testafiq/api (master)
$ cd ..

Alienguy@AW17R3 MINGW64 ~/testafiq (master)
$ ls
api/  docker-compose.yml  README.md  www/

Alienguy@AW17R3 MINGW64 ~/testafiq (master)
$ cat docker-compose.yml
version: '3'

services:
  api:
    image: wikicrawler-api:step5-python
    build: ./api
    ports:
      - "5000:5000"
    environment:
      - REDIS_URL=redis://redis:6379
  web:
    image: wikicrawler-web:step5-python
    build: ./www
    ports:
      - "80:80"
    environment:
      - API_ENDPOINT=http://api:5000/api/
  redis:
    image: redis

Alienguy@AW17R3 MINGW64 ~/testafiq (master)
$ cd www

Alienguy@AW17R3 MINGW64 ~/testafiq/www (master)
$ ls
Dockerfile  index.php

Alienguy@AW17R3 MINGW64 ~/testafiq/www (master)
$ cat Dockerfile
FROM       php:7-apache
LABEL      maintainer="Sawood Alam <@ibnesayeed>"

ENV        API_ENDPOINT="http://localhost:5000/api/"

COPY       . /var/www/html/

Alienguy@AW17R3 MINGW64 ~/testafiq/www (master)
$ cat index.php
<!DOCTYPE html>

<?php
  $api_endpoint = $_ENV["API_ENDPOINT"] ?: "http://localhost:5000/api/";
  $url = "";
  if(isset($_GET["url"]) && $_GET["url"] != "") {
    $url = $_GET["url"];
    $json = @file_get_contents($api_endpoint . $url);
    if($json == false) {
      $err = "Something is wrong with the URL: " . $url;
    } else {
      $links = json_decode($json, true);
      $domains = [];
      foreach($links as $link) {
        array_push($domains, parse_url($link["href"], PHP_URL_HOST));
      }
      $domainct = @array_count_values($domains);
      arsort($domainct);
    }
  }
?>

<html>
  <head>
    <meta charset="utf-8">
    <title>Link Extractor</title>
    <style media="screen">
      html {
        background: #EAE7D6;
        font-family: sans-serif;
      }
      body {
        margin: 0;
      }
      h1 {
        padding: 10px;
        margin: 0 auto;
        color: #EAE7D6;
        max-width: 600px;
      }
      h1 a {
        text-decoration: none;
        color: #EAE7D6;
      }
      h2 {
        background: #082E41;
        color: #EAE7D6;
        margin: -10px;
        padding: 10px;
      }
      p {
        margin: 25px 5px 5px;
      }
      section {
        max-width: 600px;
        margin: 10px auto;
        padding: 10px;
        border: 1px solid #082E41;
      }
      div.header {
        background: #082E41;
        margin: 0;
      }
      div.footer {
        background: #082E41;
        margin: 0;
        padding: 5px;
      }
      .footer p {
        margin: 0 auto;
        max-width: 600px;
        color: #EAE7D6;
        text-align: center;
      }
      .footer p a {
        color: #24C2CB;
        text-decoration: none;
      }
      .error {
        color: #DA2536;
      }
      form {
        display: flex;
      }
      input {
        font-size: 20px;
        padding: 3px;
        height: 40px;
      }
      input.text {
        box-sizing:border-box;
        flex-grow: 1;
        border-color: #082E41;
      }
      input.button {
        width: 150px;
        background: #082E41;
        border-color: #082E41;
        color: #EAE7D6;
      }
      table {
        width: 100%;
        text-align: left;
        margin-top: 10px;
      }
      table th, table td {
        padding: 3px;
      }
      table th:last-child, table td:last-child {
        width: 70px;
        text-align: right;
      }
      table th {
        border-top: 1px solid #082E41;
        border-bottom: 1px solid #082E41;
      }
      table tr:last-child td {
        border-top: 1px solid #082E41;
        border-bottom: 1px solid #082E41;
      }
    </style>
  </head>
  <body>
    <div class="header">
      <h1><a href="/">Link Extractor</a></h1>
    </div>

    <section>
      <form action="/">
        <input class="text" type="text" name="url" placeholder="http://example.com/" value="<?php echo $url; ?>">
        <input class="button" type="submit" value="Extract Links">
      </form>
    </section>

    <?php if(isset($err)): ?>
      <section>
        <h2>Error</h2>
        <p class="error"><?php echo $err; ?></p>
      </section>
    <?php endif; ?>

    <?php if($url != "" && !isset($err)): ?>
      <section>
        <h2>Summary</h2>
        <p>
          <strong>Page:</strong> <?php echo "<a href=\"" . $url . "\">" . $url . "</a>"; ?>
        </p>
        <table>
          <tr>
            <th>Domain</th>
            <th># Links</th>
          </tr>
          <?php
            foreach($domainct as $key => $value) {
              echo "<tr>";
              echo "<td>" . $key . "</td>";
              echo "<td>" . $value . "</td>";
              echo "</tr>";
            }
          ?>
          <tr>
            <td><strong>Total</strong></td>
            <td><strong><?php echo count($links); ?></strong></td>
          </tr>
        </table>
      </section>

      <section>
        <h2>Links</h2>
        <ul>
        <?php
          foreach($links as $link) {
            echo "<li><a href=\"" . $link["href"] . "\">" . $link["text"] . "</a></li>";
          }
        ?>
        </ul>
      </section>
    <?php endif; ?>

    <div class="footer">
      <p><a href="https://github.com/ibnesayeed/linkextractor">Link Extractor</a> by <a href="https://twitter.com/ibnesayeed">@ibnesayeed</a> from
        <a href="https://ws-dl.cs.odu.edu/">WS-DL, ODU</a>
      </p>
    </div>
  </body>
</html>
Alienguy@AW17R3 MINGW64 ~/testafiq/www (master)
$ cd ..

Alienguy@AW17R3 MINGW64 ~/testafiq (master)
$ docker-compose up -d --build
Building api
Step 1/9 : FROM python:3
 ---> f88b2f81f83a
Step 2/9 : LABEL maintainer="Sawood Alam <@ibnesayeed>"
 ---> Using cache
 ---> 0218e7fea121
Step 3/9 : ENV REDIS_URL="redis://localhost:6379"
 ---> Using cache
 ---> 6fc184e357d4
Step 4/9 : WORKDIR /app
 ---> Using cache
 ---> 503980448ed1
Step 5/9 : COPY requirements.txt /app/
 ---> Using cache
 ---> 5186dd86b9a3
Step 6/9 : RUN pip install -r requirements.txt
 ---> Using cache
 ---> a12f01737acf
Step 7/9 : COPY *.py /app/
 ---> Using cache
 ---> 55e6f67e18a8
Step 8/9 : RUN chmod a+x *.py
 ---> Using cache
 ---> 9575a50b5763
Step 9/9 : CMD ["./main.py"]
 ---> Using cache
 ---> 3ade51c000c5
Successfully built 3ade51c000c5
Successfully tagged wikicrawler-api:step5-python
Building web
Step 1/4 : FROM       php:7-apache
 ---> d753d5b380a1
Step 2/4 : LABEL      maintainer="Sawood Alam <@ibnesayeed>"
 ---> Using cache
 ---> c248105f2e4a
Step 3/4 : ENV        API_ENDPOINT="http://localhost:5000/api/"
 ---> Using cache
 ---> a6e6cf6cb23a
Step 4/4 : COPY       . /var/www/html/
 ---> Using cache
 ---> 95a4fbf83cc4
Successfully built 95a4fbf83cc4
Successfully tagged wikicrawler-web:step5-python
Starting testafiq_api_1   ... done                                                                      Starting testafiq_web_1   ... done                                                                      Starting testafiq_redis_1 ... done
Alienguy@AW17R3 MINGW64 ~/testafiq (master)
$ docker container ls
CONTAINER ID        IMAGE                          COMMAND                  CREATED             STATUS              PORTS                    NAMES
108148069b09        wikicrawler-web:step5-python   "docker-php-entrypoi…"   20 minutes ago      Up 4 seconds        0.0.0.0:80->80/tcp       testafiq_web_1
5588b9dc3c5b        wikicrawler-api:step5-python   "./main.py"              20 minutes ago      Up 4 seconds        0.0.0.0:5000->5000/tcp   testafiq_api_1
9bc795bb29fa        redis                          "docker-entrypoint.s…"   20 minutes ago      Up 4 seconds        6379/tcp                 testafiq_redis_1