[node1] (local) root@192.168.0.23 ~
$ docker swarm init --advertise-addr $(hostname -i)
Swarm initialized: current node (p6m1s2oikx8wj44lbh3sqgqao) is now a manager.

To add a worker to this swarm, run the following command:

    docker swarm join --token SWMTKN-1-2hwx1l4gx9lspc4i211v5uqusli4wfic7vfwv805ofwlnzzjgl-9b64qk4acvggqzmqiuenqio5m 192.168.0.23:2377

To add a manager to this swarm, run 'docker swarm join-token manager' and follow the instructions.

[node1] (local) root@192.168.0.23 ~
$ docker node ls
ID                            HOSTNAME            STATUS              AVAILABILITY        MANAGER STATUS      ENGINE VERSION
p6m1s2oikx8wj44lbh3sqgqao *   node1               Ready               Active              Leader              19.03.4
nqnlrm9uv8mosdts8lmdnqotp     node2               Ready               Active                                  19.03.4
[node1] (local) root@192.168.0.23 ~
$ git clone https://github.com/afiq24899/test
Cloning into 'test'...
remote: Enumerating objects: 14, done.
remote: Counting objects: 100% (14/14), done.
remote: Compressing objects: 100% (12/12), done.
remote: Total 14 (delta 0), reused 0 (delta 0), pack-reused 0
Unpacking objects: 100% (14/14), done.
[node1] (local) root@192.168.0.23 ~
$ cd test
[node1] (local) root@192.168.0.23 ~/test
$ ls
README.md           api                 docker-compose.yml  www
[node1] (local) root@192.168.0.23 ~/test
$ docker stack deploy --compose-file=docker-stack.yml
"docker stack deploy" requires exactly 1 argument.
See 'docker stack deploy --help'.

Usage:  docker stack deploy [OPTIONS] STACK

Deploy a new stack or update an existing stack
[node1] (local) root@192.168.0.23 ~/test
$ docker service ls
ID                  NAME                MODE                REPLICAS            IMAGE               PORTS
[node1] (local) root@192.168.0.23 ~/test
$ docker node ls
ID                            HOSTNAME            STATUS              AVAILABILITY        MANAGER STATUS      ENGINEVERSION
p6m1s2oikx8wj44lbh3sqgqao *   node1               Ready               Active              Leader              19.03.4
nqnlrm9uv8mosdts8lmdnqotp     node2               Ready               Active                                  19.03.4
[node1] (local) root@192.168.0.23 ~/test
$ docker stack deploy --compose-file=docker-compose.ymlwikistack
"docker stack deploy" requires exactly 1 argument.
See 'docker stack deploy --help'.

Usage:  docker stack deploy [OPTIONS] STACK

Deploy a new stack or update an existing stack
[node1] (local) root@192.168.0.23 ~/test
$ docker stack deploy --compose-file=docker-compose.yml wikistack
Ignoring unsupported options: build

Creating network wikistack_default
Creating service wikistack_web
Creating service wikistack_redis
Creating service wikistack_api
[node1] (local) root@192.168.0.23 ~/test
$ docker node ls
ID                            HOSTNAME            STATUS              AVAILABILITY        MANAGER STATUS      ENGINEVERSION
p6m1s2oikx8wj44lbh3sqgqao *   node1               Ready               Active              Leader              19.03.4
nqnlrm9uv8mosdts8lmdnqotp     node2               Ready               Active                                  19.03.4
[node1] (local) root@192.168.0.23 ~/test
$ docker stack ls
NAME                SERVICES            ORCHESTRATOR
wikistack           3                   Swarm
[node1] (local) root@192.168.0.23 ~/test
$ docker stack services wikistack
ID                  NAME                MODE                REPLICAS            IMAGE                          PORTS
9g50hkw9rwgf        wikistack_api       replicated          0/1                 wikicrawler-api:step5-python   *:5000->5000/tcp
jr46fkwvmleh        wikistack_web       replicated          0/1                 wikicrawler-web:step5-python   *:80->80/tcp
uv1z2m1ggyb7        wikistack_redis     replicated          1/1                 redis:latest
[node1] (local) root@192.168.0.23 ~/test
$ docker service ps wikistack
$ docker service sikistack
$ docker service scale wikistack_web=1
wikistack_web scaled to 1
overall progress: 0 out of 1 tasks
1/1: assigned  [======================>                            ]
^COperation continuing in background.
Use `docker service ps wikistack_web` to check progress.
[node1] (local) root@192.168.0.23 ~/test
$ docker stack services wikistack
ID                  NAME                MODE                REPLICAS            IMAGE                          PORTS
9g50hkw9rwgf        wikistack_api       replicated          0/1                 wikicrawler-api:step5-python   *:5000->5000/tcp
jr46fkwvmleh        wikistack_web       replicated          0/1                 wikicrawler-web:step5-python   *:80->80/tcp
uv1z2m1ggyb7        wikistack_redis     replicated          1/1                 redis:latest
[node1] (local) root@192.168.0.23 ~/test
$ docker service ls
ID                  NAME                MODE                REPLICAS            IMAGE                          PORTS
9g50hkw9rwgf        wikistack_api       replicated          0/1                 wikicrawler-api:step5-python   *:5000->5000/tcp
uv1z2m1ggyb7        wikistack_redis     replicated          1/1                 redis:latest
jr46fkwvmleh        wikistack_web       replicated          0/1                 wikicrawler-web:step5-python   *:80->80/tcp
[node1] (local) root@192.168.0.23 ~/test
$ docker stack services wikistack
ID                  NAME                MODE                REPLICAS            IMAGE                          PORTS
9g50hkw9rwgf        wikistack_api       replicated          0/1                 wikicrawler-api:step5-python   *:5000->5000/tcp
jr46fkwvmleh        wikistack_web       replicated          0/1                 wikicrawler-web:step5-python   *:80->80/tcp
uv1z2m1ggyb7        wikistack_redis     replicated          1/1                 redis:latest
[node1] (local) root@192.168.0.23 ~/test
$ docker service ps wikistack_api
ID                  NAME                  IMAGE                          NODE                DESIRED STATE       CURRENT STATE             ERROR                              PORTS
9t0w9nkychh4        wikistack_api.1       wikicrawler-api:step5-python   node2               Ready               Rejected 2 seconds ago    "No such image: wikicrawler-ap…"
mzcoy62o626u         \_ wikistack_api.1   wikicrawler-api:step5-python   node2               Shutdown            Rejected 7 seconds ago    "No such image: wikicrawler-ap…"
3x42vihr8tqs         \_ wikistack_api.1   wikicrawler-api:step5-python   node1               Shutdown            Rejected 12 seconds ago   "No such image: wikicrawler-ap…"
uwgwfm1o3qw5         \_ wikistack_api.1   wikicrawler-api:step5-python   node2               Shutdown            Rejected 17 seconds ago   "No such image: wikicrawler-ap…"
uhkenm6rqb7w         \_ wikistack_api.1   wikicrawler-api:step5-python   node2               Shutdown            Rejected 22 seconds ago   "No such image: wikicrawler-ap…"
[node1] (local) root@192.168.0.23 ~/test
$ docker service scale wikistack_api=5
wikistack_api scaled to 5
overall progress: 0 out of 5 tasks
overall progress: 0 out of 5 tasks
1/5: preparing [=================================>                 ]
2/5: No such image: wikicrawler-api:step5-python
3/5: No such image: wikicrawler-api:step5-python
4/5: No such image: wikicrawler-api:step5-python
5/5: preparing [=================================>                 ]
Operation continuing in background.
Use `docker service ps wikistack_api` to check progress.
[node1] (local) root@192.168.0.23 ~/test
$ docker image ls
REPOSITORY          TAG                 IMAGE ID            CREATED             SIZE
[node1] (local) root@192.168.0.23 ~/test
$ docker image ls
REPOSITORY          TAG                 IMAGE ID            CREATED             SIZE
redis               <none>              7eed8df88d3b        19 hours ago        98.2MB
[node1] (local) root@192.168.0.23 ~/test
$ docker image build -t wikicrawler:step5 .
unable to prepare context: unable to evaluate symlinks in Dockerfile path: lstat /root/test/Dockerfile: no such file or directory
[node1] (local) root@192.168.0.23 ~/test
$ docker service scale wikistack_api=5
wikistack_api scaled to 5
overall progress: 0 out of 5 tasks
overall progress: 0 out of 5 tasks
1/5: No such image: wikicrawler-api:step5-python
2/5: No such image: wikicrawler-api:step5-python
3/5: No such image: wikicrawler-api:step5-python
4/5: No such image: wikicrawler-api:step5-python
5/5: No such image: wikicrawler-api:step5-python
Operation continuing in background.
Use `docker service ps wikistack_api` to check progress.
[node1] (local) root@192.168.0.23 ~/test
$
[node1] (local) root@192.168.0.23 ~/test
$ docker-compose up -d --build
WARNING: The Docker Engine you're using is running in swarm mode.

Compose does not use swarm mode to deploy services to multiple nodes in a swarm. All containers will be scheduled on the current node.

To deploy your application across the swarm, use `docker stack deploy`.

Creating network "test_default" with the default driver
Building web
Step 1/4 : FROM       php:7-apache
7-apache: Pulling from library/php
68ced04f60ab: Already exists
1d2a5d8fa585: Pull complete
5d59ec4ae241: Pull complete
d42331ef4d44: Pull complete
408b7b7ee112: Pull complete
570cd47896d5: Pull complete
2419413b2a16: Pull complete
2c7832852643: Pull complete
8b0b209a25bc: Pull complete
46011418685f: Pull complete
68be3748ea55: Pull complete
4e3af655ec1e: Pull complete
9f579d3b7159: Pull complete
Digest: sha256:c496c0f962eaaea0f52d9c068bf331fe477703d4657f99b955a2a35a4c3486c4
Status: Downloaded newer image for php:7-apache
 ---> d753d5b380a1
Step 2/4 : LABEL      maintainer="Sawood Alam <@ibnesayeed>"
 ---> Running in fa7eb795378e
Removing intermediate container fa7eb795378e
 ---> b9c47c88b397
Step 3/4 : ENV        API_ENDPOINT="http://localhost:5000/api/"
 ---> Running in ac4ee2300cfe
Removing intermediate container ac4ee2300cfe
 ---> ab3f4ba225e0
Step 4/4 : COPY       . /var/www/html/
 ---> b841f6f78cd4
Successfully built b841f6f78cd4
Successfully tagged wikicrawler-web:step5-python
Building api
Step 1/9 : FROM python:3
3: Pulling from library/python
50e431f79093: Pull complete
dd8c6d374ea5: Pull complete
c85513200d84: Pull complete
55769680e827: Pull complete
f5e195d50b88: Pull complete
94cdd3612287: Pull complete
3b37b69935d4: Pull complete
b9add85f08c4: Pull complete
aa1f4a29beac: Pull complete
Digest: sha256:da4f61227d5facb694293c1356051403d0d163a2d7aa8a0e0d3d9cfc347e3901
Status: Downloaded newer image for python:3
 ---> f88b2f81f83a
Step 2/9 : LABEL maintainer="Sawood Alam <@ibnesayeed>"
 ---> Running in 862f08adc969
Removing intermediate container 862f08adc969
 ---> ab7d7c8cfd97
Step 3/9 : ENV REDIS_URL="redis://localhost:6379"
 ---> Running in e7d66f65d95b
Removing intermediate container e7d66f65d95b
 ---> c8eee1c57cb3
Step 4/9 : WORKDIR /app
 ---> Running in c5a86f4151f4
Removing intermediate container c5a86f4151f4
 ---> 0fc119358189
Step 5/9 : COPY requirements.txt /app/
 ---> cf3fe1f9ac76
Step 6/9 : RUN pip install -r requirements.txt
 ---> Running in 787a22fc91fa
Collecting beautifulsoup4
  Downloading beautifulsoup4-4.8.2-py3-none-any.whl (106 kB)
Collecting flask
  Downloading Flask-1.1.1-py2.py3-none-any.whl (94 kB)
Collecting redis
  Downloading redis-3.4.1-py2.py3-none-any.whl (71 kB)
Collecting wikipedia
  Downloading wikipedia-1.4.0.tar.gz (27 kB)
Collecting requests
  Downloading requests-2.23.0-py2.py3-none-any.whl (58 kB)
Collecting soupsieve>=1.2
  Downloading soupsieve-2.0-py2.py3-none-any.whl (32 kB)
Collecting click>=5.1
  Downloading Click-7.0-py2.py3-none-any.whl (81 kB)
Collecting itsdangerous>=0.24
  Downloading itsdangerous-1.1.0-py2.py3-none-any.whl (16 kB)
Collecting Werkzeug>=0.15
  Downloading Werkzeug-1.0.0-py2.py3-none-any.whl (298 kB)
Collecting Jinja2>=2.10.1
  Downloading Jinja2-2.11.1-py2.py3-none-any.whl (126 kB)
Collecting certifi>=2017.4.17
  Downloading certifi-2019.11.28-py2.py3-none-any.whl (156 kB)
Collecting idna<3,>=2.5
  Downloading idna-2.9-py2.py3-none-any.whl (58 kB)
Collecting urllib3!=1.25.0,!=1.25.1,<1.26,>=1.21.1
  Downloading urllib3-1.25.8-py2.py3-none-any.whl (125 kB)
Collecting chardet<4,>=3.0.2
  Downloading chardet-3.0.4-py2.py3-none-any.whl (133 kB)
Collecting MarkupSafe>=0.23
  Downloading MarkupSafe-1.1.1-cp38-cp38-manylinux1_x86_64.whl (32 kB)
Building wheels for collected packages: wikipedia
  Building wheel for wikipedia (setup.py): started
  Building wheel for wikipedia (setup.py): finished with status 'done'
  Created wheel for wikipedia: filename=wikipedia-1.4.0-py3-none-any.whl size=11685 sha256=2afe385c8ed6b953ec800ae20a914c4b9a0e1c8c505cdbb504c185baaa7bcb09
  Stored in directory: /root/.cache/pip/wheels/07/93/05/72c05349177dca2e0ba31a33ba4f7907606f7ddef303517c6a
Successfully built wikipedia
Installing collected packages: soupsieve, beautifulsoup4, click, itsdangerous, Werkzeug, MarkupSafe, Jinja2, flask, redis, certifi, idna, urllib3, chardet, requests, wikipedia
Successfully installed Jinja2-2.11.1 MarkupSafe-1.1.1 Werkzeug-1.0.0 beautifulsoup4-4.8.2 certifi-2019.11.28 chardet-3.0.4 click-7.0 flask-1.1.1 idna-2.9 itsdangerous-1.1.0 redis-3.4.1 requests-2.23.0 soupsieve-2.0 urllib3-1.25.8 wikipedia-1.4.0
Removing intermediate container 787a22fc91fa
 ---> 42e3909ef9ff
Step 7/9 : COPY *.py /app/
 ---> fb0f53995903
Step 8/9 : RUN chmod a+x *.py
 ---> Running in 614841ba3f08
Removing intermediate container 614841ba3f08
 ---> d777c8d2effd
Step 9/9 : CMD ["./main.py"]
 ---> Running in 7aa48a1b6835
Removing intermediate container 7aa48a1b6835
 ---> 8182911dcd62
Successfully built 8182911dcd62
Successfully tagged wikicrawler-api:step5-python
Pulling redis (redis:)...
latest: Pulling from library/redis
Creating test_web_1   ... error
Creating test_api_1 ...
Creating test_redis_1 ...

ERROR: for test_web_1  Cannot start service web: driver failed programming external connectivity on endpoint test_web_1Creating test_api_1   ... doneCreating test_redis_1 ... done

ERROR: for web  Cannot start service web: driver failed programming external connectivity on endpoint test_web_1 (e95cf15bb2a30d94704d4b5ac4352ee237488d5c39524bffadac85f9546688f3): Error starting userland proxy: listen tcp 0.0.0.0:80: bind: address already in use
ERROR: Encountered errors while bringing up the project.
[node1] (local) root@192.168.0.23 ~/test
$ docker service scale wikistack_api=5
wikistack_api scaled to 5
overall progress: 5 out of 5 tasks
1/5: running   [==================================================>]
2/5: running   [==================================================>]
3/5: running   [==================================================>]
4/5: running   [==================================================>]
5/5: running   [==================================================>]
verify: Service converged
[node1] (local) root@192.168.0.23 ~/test
$ docker stack services wikistack
ID                  NAME                MODE                REPLICAS            IMAGE                          PORTS
9g50hkw9rwgf        wikistack_api       replicated          5/5                 wikicrawler-api:step5-python   *:5000->5000/tcp
jr46fkwvmleh        wikistack_web       replicated          1/1                 wikicrawler-web:step5-python   *:80->80/tcp
uv1z2m1ggyb7        wikistack_redis     replicated          1/1                 redis:latest
[node1] (local) root@192.168.0.23 ~/test
$ ^C
[node1] (local) root@192.168.0.23 ~/test